../Src/CortexM4/CortexM4_Core_SysTick.c:15:6:SysTick_Int	16	static
../Src/CortexM4/CortexM4_Core_SysTick.c:47:6:SysTick_DeInt	4	static
../Src/CortexM4/CortexM4_Core_SysTick.c:57:6:SysTick_WaitBlocking	16	static
../Src/CortexM4/CortexM4_Core_SysTick.c:68:6:SysTick_SingleInterval	16	static
../Src/CortexM4/CortexM4_Core_SysTick.c:80:6:SysTick_PeriodicInterval	16	static
../Src/CortexM4/CortexM4_Core_SysTick.c:90:10:SysTick_GetRemainingTicks	4	static
../Src/CortexM4/CortexM4_Core_SysTick.c:96:6:SysTick_Handler	8	static
